// Jest Snapshot v1, https://goo.gl/fbAQLP

exports[`NoPlayers should render correctly 1`] = `
ShallowWrapper {
  "length": 1,
  Symbol(enzyme.__root__): [Circular],
  Symbol(enzyme.__unrendered__): <NoPlayers />,
  Symbol(enzyme.__renderer__): Object {
    "batchedUpdates": [Function],
    "getNode": [Function],
    "render": [Function],
    "simulateEvent": [Function],
    "unmount": [Function],
  },
  Symbol(enzyme.__node__): Object {
    "instance": null,
    "key": undefined,
    "nodeType": "host",
    "props": Object {
      "children": <td
        className="border-2 border-black px-1 py-3 sm:py-6"
        colSpan="4"
>
        No players match those filters
</td>,
      "id": "noPlayersMatchFilters",
    },
    "ref": null,
    "rendered": Object {
      "instance": null,
      "key": undefined,
      "nodeType": "host",
      "props": Object {
        "children": "No players match those filters",
        "className": "border-2 border-black px-1 py-3 sm:py-6",
        "colSpan": "4",
      },
      "ref": null,
      "rendered": "No players match those filters",
      "type": "td",
    },
    "type": "tr",
  },
  Symbol(enzyme.__nodes__): Array [
    Object {
      "instance": null,
      "key": undefined,
      "nodeType": "host",
      "props": Object {
        "children": <td
          className="border-2 border-black px-1 py-3 sm:py-6"
          colSpan="4"
>
          No players match those filters
</td>,
        "id": "noPlayersMatchFilters",
      },
      "ref": null,
      "rendered": Object {
        "instance": null,
        "key": undefined,
        "nodeType": "host",
        "props": Object {
          "children": "No players match those filters",
          "className": "border-2 border-black px-1 py-3 sm:py-6",
          "colSpan": "4",
        },
        "ref": null,
        "rendered": "No players match those filters",
        "type": "td",
      },
      "type": "tr",
    },
  ],
  Symbol(enzyme.__options__): Object {
    "adapter": ReactSixteenAdapter {
      "options": Object {
        "enableComponentDidUpdateOnSetState": true,
      },
    },
  },
}
`;
