// Jest Snapshot v1, https://goo.gl/fbAQLP

exports[`VisiblePlayersList player 1 should have the right props 1`] = `
Object {
  "dateOfBirth": "player 1 dateOfBirth",
  "name": "player 1 name",
  "nationality": "player 1 nationality",
  "position": "player 1 position",
}
`;

exports[`VisiblePlayersList player 2 should have the right props 1`] = `
Object {
  "dateOfBirth": "player 2 dateOfBirth",
  "name": "player 2 name",
  "nationality": "player 2 nationality",
  "position": "player 2 position",
}
`;
